000001|0000000001          |0002|000| |Y| | | | | | | | | | |N|807         |807         |            |                         |                                        |                                                  |80299p.cntr.grp               |00001|00002|1
000001|0000000001          |0002|000| |Y| | | | | | | | | | |N|807         |807         |            |                         |                                        |                                                  |80299p.cntr.grp               |00001|00002|0
000002|0000000002          |0002|000| |Y| | | | | | | | | | |N|SR1         |SR1         |            |                         |                                        |                                                  |80299p.cntr.grp               |00001|00002|1
000002|0000000002          |0002|000| |Y| | | | | | | | | | |N|SR1         |SR1         |            |                         |                                        |                                                  |80299p.cntr.grp               |00001|00002|0
000003|0000000003          |0002|000| |Y| | | | | | | | | | |N|492         |492         |            |                         |                                        |                                                  |80299p.cntr.grp               |00001|00002|1
000003|0000000003          |0002|000| |Y| | | | | | | | | | |N|492         |492         |            |                         |                                        |                                                  |80299p.cntr.grp               |00001|00002|0
000004|0000000004          |0002|000| |Y| | | | | | | | | | |N|139         |139         |            |                         |                                        |                                                  |80299p.cntr.grp               |00001|00002|1
000004|0000000004          |0002|000| |Y| | | | | | | | | | |N|139         |139         |            |                         |                                        |                                                  |80299p.cntr.grp               |00001|00002|0
000005|0000000005          |0002|000| |Y| | | | | | | | | | |N|492         |492         |            |                         |                                        |                                                  |80299p.cntr.grp               |00001|00002|1
000005|0000000005          |0002|000| |Y| | | | | | | | | | |N|492         |492         |            |                         |                                        |                                                  |80299p.cntr.grp               |00001|00002|0
000006|0000000006          |0002|000| |Y| | | | | | | | | | |N|815         |815         |            |                         |                                        |                                                  |80299p.cntr.grp               |00001|00002|1
000006|0000000006          |0002|000| |Y| | | | | | | | | | |N|815         |815         |            |                         |                                        |                                                  |80299p.cntr.grp               |00001|00002|0
000007|0000000007          |0002|000| |Y| | | | | | | | | | |N|178         |178         |            |                         |                                        |                                                  |80299p.cntr.grp               |00001|00002|1
000007|0000000007          |0002|000| |Y| | | | | | | | | | |N|178         |178         |            |                         |                                        |                                                  |80299p.cntr.grp               |00001|00002|0
000008|0000000008          |0002|000| |Y| | | | | | | | | | |N|492         |492         |            |                         |                                        |                                                  |80299p.cntr.grp               |00001|00002|1
000008|0000000008          |0002|000| |Y| | | | | | | | | | |N|492         |492         |            |                         |                                        |                                                  |80299p.cntr.grp               |00001|00002|0
000009|0000000009          |0002|000| |Y| | | | | | | | | | |N|104         |104         |            |                         |                                        |                                                  |80299p.cntr.grp               |00001|00002|1
000009|0000000009          |0002|000| |Y| | | | | | | | | | |N|104         |104         |            |                         |                                        |                                                  |80299p.cntr.grp               |00001|00002|0
000010|0000000010          |0002|000| |Y| | | | | | | | | | |N|104         |104         |            |                         |                                        |                                                  |80299p.cntr.grp               |00001|00002|1
000010|0000000010          |0002|000| |Y| | | | | | | | | | |N|104         |104         |            |                         |                                        |                                                  |80299p.cntr.grp               |00001|00002|0
000011|0000000011          |0002|000| |Y| | | | | | | | | | |N|304         |304         |            |                         |                                        |                                                  |80299p.cntr.grp               |00001|00002|1
000011|0000000011          |0002|000| |Y| | | | | | | | | | |N|304         |304         |            |                         |                                        |                                                  |80299p.cntr.grp               |00001|00002|0
000012|0000000012          |0002|000| |Y| | | | | | | | | | |N|165         |165         |            |                         |                                        |                                                  |80299p.cntr.grp               |00001|00002|1
000012|0000000012          |0002|000| |Y| | | | | | | | | | |N|165         |165         |            |                         |                                        |                                                  |80299p.cntr.grp               |00001|00002|0
000013|0000000013          |0002|000| |Y| | | | | | | | | | |N|492         |492         |            |                         |                                        |                                                  |80299p.cntr.grp               |00001|00002|1
000013|0000000013          |0002|000| |Y| | | | | | | | | | |N|492         |492         |            |                         |                                        |                                                  |80299p.cntr.grp               |00001|00002|0
000014|0000000014          |0002|000| |Y| | | | | | | | | | |N|492         |492         |            |                         |                                        |                                                  |80299p.cntr.grp               |00001|00002|1
000014|0000000014          |0002|000| |Y| | | | | | | | | | |N|492         |492         |            |                         |                                        |                                                  |80299p.cntr.grp               |00001|00002|0
000015|0000000015          |0002|000| |Y| | | | | | | | | | |N|480         |480         |            |                         |                                        |                                                  |80299p.cntr.grp               |00001|00002|1
000015|0000000015          |0002|000| |Y| | | | | | | | | | |N|480         |480         |            |                         |                                        |                                                  |80299p.cntr.grp               |00001|00002|0
000016|0000000016          |0002|000| |Y| | | | | | | | | | |N|492         |492         |            |                         |                                        |                                                  |80299p.cntr.grp               |00001|00002|1
000016|0000000016          |0002|000| |Y| | | | | | | | | | |N|492         |492         |            |                         |                                        |                                                  |80299p.cntr.grp               |00001|00002|0
000017|0000000017          |0002|000| |Y| | | | | | | | | | |N|178         |178         |            |                         |                                        |                                                  |80299p.cntr.grp               |00001|00002|1
000017|0000000017          |0002|000| |Y| | | | | | | | | | |N|178         |178         |            |                         |                                        |                                                  |80299p.cntr.grp               |00001|00002|0
000018|0000000018          |0002|000| |Y| | | | | | | | | | |N|178         |178         |            |                         |                                        |                                                  |80299p.cntr.grp               |00001|00002|1
000018|0000000018          |0002|000| |Y| | | | | | | | | | |N|178         |178         |            |                         |                                        |                                                  |80299p.cntr.grp               |00001|00002|0
000019|0000000019          |0002|000| |Y| | | | | | | | | | |N|178         |178         |            |                         |                                        |                                                  |80299p.cntr.grp               |00001|00002|1
000019|0000000019          |0002|000| |Y| | | | | | | | | | |N|178         |178         |            |                         |                                        |                                                  |80299p.cntr.grp               |00001|00002|0
000020|0000000020          |0002|000| |Y| | | | | | | | | | |N|326         |326         |            |                         |                                        |                                                  |80299p.cntr.grp               |00001|00002|1
000020|0000000020          |0002|000| |Y| | | | | | | | | | |N|326         |326         |            |                         |                                        |                                                  |80299p.cntr.grp               |00001|00002|0
000021|0000000021          |0002|000| |Y| | | | | | | | | | |N|104         |104         |            |                         |                                        |                                                  |80299p.cntr.grp               |00001|00002|1
000021|0000000021          |0002|000| |Y| | | | | | | | | | |N|104         |104         |            |                         |                                        |                                                  |80299p.cntr.grp               |00001|00002|0
000022|0000000022          |0002|000| |Y| | | | | | | | | | |N|807         |807         |            |                         |                                        |                                                  |80299p.cntr.grp               |00001|00002|1
000022|0000000022          |0002|000| |Y| | | | | | | | | | |N|807         |807         |            |                         |                                        |                                                  |80299p.cntr.grp               |00001|00002|0
000023|0000000023          |0002|000| |Y| | | | | | | | | | |N|304         |304         |            |                         |                                        |                                                  |80299p.cntr.grp               |00001|00002|1
000023|0000000023          |0002|000| |Y| | | | | | | | | | |N|304         |304         |            |                         |                                        |                                                  |80299p.cntr.grp               |00001|00002|0
000024|0000000024          |0002|000| |Y| | | | | | | | | | |N|492         |492         |            |                         |                                        |                                                  |80299p.cntr.grp               |00001|00002|1
000024|0000000024          |0002|000| |Y| | | | | | | | | | |N|492         |492         |            |                         |                                        |                                                  |80299p.cntr.grp               |00001|00002|0
000025|0000000026          |0002|000| |Y| | | | | | | | | | |N|394         |394         |            |                         |                                        |                                                  |80299p.cntr.grp               |00001|00002|1
000025|0000000026          |0002|000| |Y| | | | | | | | | | |N|394         |394         |            |                         |                                        |                                                  |80299p.cntr.grp               |00001|00002|0
000026|0000000028          |0002|000| |Y| | | | | | | | | | |N|816         |816         |            |                         |                                        |                                                  |80299p.cntr.grp               |00001|00002|1
000026|0000000028          |0002|000| |Y| | | | | | | | | | |N|816         |816         |            |                         |                                        |                                                  |80299p.cntr.grp               |00001|00002|0
000027|0000000029          |0002|000| |Y| | | | | | | | | | |N|492         |492         |            |                         |                                        |                                                  |80299p.cntr.grp               |00001|00002|1
000027|0000000029          |0002|000| |Y| | | | | | | | | | |N|492         |492         |            |                         |                                        |                                                  |80299p.cntr.grp               |00001|00002|0
000028|0000000030          |0002|000| |Y| | | | | | | | | | |N|334         |334         |            |                         |                                        |                                                  |80299p.cntr.grp               |00001|00002|1
000028|0000000030          |0002|000| |Y| | | | | | | | | | |N|334         |334         |            |                         |                                        |                                                  |80299p.cntr.grp               |00001|00002|0
000029|0000000031          |0002|000| |Y| | | | | | | | | | |N|818         |818         |            |                         |                                        |                                                  |80299p.cntr.grp               |00001|00002|1
000029|0000000031          |0002|000| |Y| | | | | | | | | | |N|818         |818         |            |                         |                                        |                                                  |80299p.cntr.grp               |00001|00002|0
000030|0000000032          |0002|000| |Y| | | | | | | | | | |N|104         |104         |            |                         |                                        |                                                  |80299p.cntr.grp               |00001|00002|1
000030|0000000032          |0002|000| |Y| | | | | | | | | | |N|104         |104         |            |                         |                                        |                                                  |80299p.cntr.grp               |00001|00002|0
000031|0000000033          |0002|000| |Y| | | | | | | | | | |N|834         |834         |            |                         |                                        |                                                  |80299p.cntr.grp               |00001|00002|1
000031|0000000033          |0002|000| |Y| | | | | | | | | | |N|834         |834         |            |                         |                                        |                                                  |80299p.cntr.grp               |00001|00002|0
000032|0000000034          |0002|000| |Y| | | | | | | | | | |N|816         |816         |            |                         |                                        |                                                  |80299p.cntr.grp               |00001|00002|1
000032|0000000034          |0002|000| |Y| | | | | | | | | | |N|816         |816         |            |                         |                                        |                                                  |80299p.cntr.grp               |00001|00002|0
000033|0000000035          |0002|000| |Y| | | | | | | | | | |N|144         |144         |            |                         |                                        |                                                  |80299p.cntr.grp               |00001|00002|1
000033|0000000035          |0002|000| |Y| | | | | | | | | | |N|144         |144         |            |                         |                                        |                                                  |80299p.cntr.grp               |00001|00002|0
000034|0000000036          |0002|000| |Y| | | | | | | | | | |N|807         |807         |            |                         |                                        |                                                  |80299p.cntr.grp               |00001|00002|1
000034|0000000036          |0002|000| |Y| | | | | | | | | | |N|807         |807         |            |                         |                                        |                                                  |80299p.cntr.grp               |00001|00002|0
000035|0000000037          |0002|000| |Y| | | | | | | | | | |N|443         |443         |            |                         |                                        |                                                  |80299p.cntr.grp               |00001|00002|1
000035|0000000037          |0002|000| |Y| | | | | | | | | | |N|443         |443         |            |                         |                                        |                                                  |80299p.cntr.grp               |00001|00002|0
000036|0000000038          |0002|000| |Y| | | | | | | | | | |N|834         |834         |            |                         |                                        |                                                  |80299p.cntr.grp               |00001|00002|1
000036|0000000038          |0002|000| |Y| | | | | | | | | | |N|834         |834         |            |                         |                                        |                                                  |80299p.cntr.grp               |00001|00002|0
000037|0000000039          |0002|000| |Y| | | | | | | | | | |N|816         |816         |            |                         |                                        |                                                  |80299p.cntr.grp               |00001|00002|1
000037|0000000039          |0002|000| |Y| | | | | | | | | | |N|816         |816         |            |                         |                                        |                                                  |80299p.cntr.grp               |00001|00002|0
000038|0000000040          |0002|000| |Y| | | | | | | | | | |N|178         |178         |            |                         |                                        |                                                  |80299p.cntr.grp               |00001|00002|1
000038|0000000040          |0002|000| |Y| | | | | | | | | | |N|178         |178         |            |                         |                                        |                                                  |80299p.cntr.grp               |00001|00002|0
000039|0000000041          |0002|000| |Y| | | | | | | | | | |N|818         |818         |            |                         |                                        |                                                  |80299p.cntr.grp               |00001|00002|1
000039|0000000041          |0002|000| |Y| | | | | | | | | | |N|818         |818         |            |                         |                                        |                                                  |80299p.cntr.grp               |00001|00002|0
000040|0000000042          |0002|000| |Y| | | | | | | | | | |N|F01         |F01         |            |                         |                                        |                                                  |80299p.cntr.grp               |00001|00002|1
000040|0000000042          |0002|000| |Y| | | | | | | | | | |N|F01         |F01         |            |                         |                                        |                                                  |80299p.cntr.grp               |00001|00002|0
000041|0000000043          |0002|000| |Y| | | | | | | | | | |N|834         |834         |            |                         |                                        |                                                  |80299p.cntr.grp               |00001|00002|1
000041|0000000043          |0002|000| |Y| | | | | | | | | | |N|834         |834         |            |                         |                                        |                                                  |80299p.cntr.grp               |00001|00002|0
000042|0000000044          |0002|000| |Y| | | | | | | | | | |N|104         |104         |            |                         |                                        |                                                  |80299p.cntr.grp               |00001|00002|1
000042|0000000044          |0002|000| |Y| | | | | | | | | | |N|104         |104         |            |                         |                                        |                                                  |80299p.cntr.grp               |00001|00002|0
000043|0000000045          |0002|000| |Y| | | | | | | | | | |N|308         |308         |            |                         |                                        |                                                  |80299p.cntr.grp               |00001|00002|1
000043|0000000045          |0002|000| |Y| | | | | | | | | | |N|308         |308         |            |                         |                                        |                                                  |80299p.cntr.grp               |00001|00002|0
000044|0000000046          |0002|000| |Y| | | | | | | | | | |N|373         |373         |            |                         |                                        |                                                  |80299p.cntr.grp               |00001|00002|1
000044|0000000046          |0002|000| |Y| | | | | | | | | | |N|373         |373         |            |                         |                                        |                                                  |80299p.cntr.grp               |00001|00002|0
000045|0000000047          |0002|000| |Y| | | | | | | | | | |N|834         |834         |            |                         |                                        |                                                  |80299p.cntr.grp               |00001|00002|1
000045|0000000047          |0002|000| |Y| | | | | | | | | | |N|834         |834         |            |                         |                                        |                                                  |80299p.cntr.grp               |00001|00002|0
000046|0000000048          |0002|000| |Y| | | | | | | | | | |N|443         |443         |            |                         |                                        |                                                  |80299p.cntr.grp               |00001|00002|1
000046|0000000048          |0002|000| |Y| | | | | | | | | | |N|443         |443         |            |                         |                                        |                                                  |80299p.cntr.grp               |00001|00002|0
000047|0000000049          |0002|000| |Y| | | | | | | | | | |N|178         |178         |            |                         |                                        |                                                  |80299p.cntr.grp               |00001|00002|1
000047|0000000049          |0002|000| |Y| | | | | | | | | | |N|178         |178         |            |                         |                                        |                                                  |80299p.cntr.grp               |00001|00002|0
000048|0000000050          |0002|000| |Y| | | | | | | | | | |N|306         |306         |            |                         |                                        |                                                  |80299p.cntr.grp               |00001|00002|1
000048|0000000050          |0002|000| |Y| | | | | | | | | | |N|306         |306         |            |                         |                                        |                                                  |80299p.cntr.grp               |00001|00002|0
000049|0000000051          |0002|000| |Y| | | | | | | | | | |N|104         |104         |            |                         |                                        |                                                  |80299p.cntr.grp               |00001|00002|1
000049|0000000051          |0002|000| |Y| | | | | | | | | | |N|104         |104         |            |                         |                                        |                                                  |80299p.cntr.grp               |00001|00002|0
000050|0000000052          |0002|000| |Y| | | | | | | | | | |N|104         |104         |            |                         |                                        |                                                  |80299p.cntr.grp               |00001|00002|1
000050|0000000052          |0002|000| |Y| | | | | | | | | | |N|104         |104         |            |                         |                                        |                                                  |80299p.cntr.grp               |00001|00002|0
000051|0000000053          |0002|000| |Y| | | | | | | | | | |N|178         |178         |            |                         |                                        |                                                  |80299p.cntr.grp               |00001|00002|1
000051|0000000053          |0002|000| |Y| | | | | | | | | | |N|178         |178         |            |                         |                                        |                                                  |80299p.cntr.grp               |00001|00002|0
000052|0000000054          |0002|000| |Y| | | | | | | | | | |N|104         |104         |            |                         |                                        |                                                  |80299p.cntr.grp               |00001|00002|1
000052|0000000054          |0002|000| |Y| | | | | | | | | | |N|104         |104         |            |                         |                                        |                                                  |80299p.cntr.grp               |00001|00002|0
000053|0000000055          |0002|000| |Y| | | | | | | | | | |N|834         |834         |            |                         |                                        |                                                  |80299p.cntr.grp               |00001|00002|1
000053|0000000055          |0002|000| |Y| | | | | | | | | | |N|834         |834         |            |                         |                                        |                                                  |80299p.cntr.grp               |00001|00002|0
000054|0000000056          |0002|000| |Y| | | | | | | | | | |N|SR1         |SR1         |            |                         |                                        |                                                  |80299p.cntr.grp               |00001|00002|1
000054|0000000056          |0002|000| |Y| | | | | | | | | | |N|SR1         |SR1         |            |                         |                                        |                                                  |80299p.cntr.grp               |00001|00002|0
000055|0000000057          |0002|000| |Y| | | | | | | | | | |N|SR1         |SR1         |            |                         |                                        |                                                  |80299p.cntr.grp               |00001|00002|1
000055|0000000057          |0002|000| |Y| | | | | | | | | | |N|SR1         |SR1         |            |                         |                                        |                                                  |80299p.cntr.grp               |00001|00002|0
000056|0000000058          |0002|000| |Y| | | | | | | | | | |N|815         |815         |            |                         |                                        |                                                  |80299p.cntr.grp               |00001|00002|1
000056|0000000058          |0002|000| |Y| | | | | | | | | | |N|815         |815         |            |                         |                                        |                                                  |80299p.cntr.grp               |00001|00002|0
000057|0000000059          |0002|000| |Y| | | | | | | | | | |N|585         |585         |            |                         |                                        |                                                  |80299p.cntr.grp               |00001|00002|1
000057|0000000059          |0002|000| |Y| | | | | | | | | | |N|585         |585         |            |                         |                                        |                                                  |80299p.cntr.grp               |00001|00002|0
