503|1|A|001|125|06|05|000000005000000015|
503|1|D|001|301||FOR OTHER DISB|302  FOR OTHER DISB 303  FOR OTHER DISB 304  FOR OTHER DISB 305  FOR OTHER DISB 306  FOR OTHER DISB 307  FOR OTHER DISB 310  MORTGAGE INS   31009USDA/RHS PREM  31101CITY/CNTY COMB 31201COUNTY/CADS    31301CITY/TWN/VIL 1P31501SCHOOL/ISD P1  31601CITY/SCH COMB 131701BOROUGH        31801UTIL.DIST.MUD  32101FIRE/IMPRV DIST32601HOA            32701GROUND RENTS   32801SUP MENTAL TAX 32901DLQ TAX, PEN/IN351  HOMEOWNERS INS 352  FLOOD INSURANCE353  OTHER INSURANCE354  OTHER INSURANCE355  CONDO INSURANCE
5031|20061255|P|1|THIS IS A SAMPLE||||123 MY PLACES|HOWARD|FL|12345||2207|382||MY PLACES|HOWARD               FL12345 2207|12345 2207|2038043020|2038043020|211428773|0|125|8|1|0|0|0|125|4|1||||0|0|0|0|0|0|0|155|7|784.58|591.65|192.93|12.11|9.27|77.42|0.00|94.13|0.00|0.00|0.00|0.00|0.00|0.00|0.00|29.58|92400.00|1322.44|0.00|0.00|0.00|0.00|0.00|0.00|0.00|0.00|0.00|486.33|0.00|0.00|0.00|0.00|0.00|0.00|0.00|1322.44|0.00|0.00|0.00|0.00|0.00|1322.44|784.58|0.00|0.00||1|3|SR1|001||1|15|12|6.62500|7|MF|T|1|37|360|||||||||||||||||||||||N|||0.00|0.00|0.00|0.00|0.00|N|0.00|0||125|6|4|125|8|1||||||||0.00|0.00|0.0000000||0|0|0|0|0|0|0|0|1||0|0|0|0|0|0||0.00|||||||||0.00|||0|0||||||||||0|0||92400|0.00|0|0|0.00|0|0|0.00|0|0|0|0|0.00||||||||||||||||0|0000||0.00|||||||||||||0.00|0.00|||||||||||||||||||||||0|00|00|0|00|00|0.00000|81.53|0.00|510.12|0.00|0.00|0.00|0.00|0.00|N||0|0|0|N|0|0|0||125|8|1|125|8|16|0|0|0.00|0.00|0.00|0.00|0.00|0|0|0|0.00|0.00|0|0|0|0|0|0|0.00|0|0|0|0.00||||0|0|0||||||0|0|0|0|0|0|||0|0|0|0|0|0|0|0|0|0|0|0|0.00|||||0||0|00|00|0.00|0.00|0.00||0|00|00|0.00|0.00|0.00|0.00|0.00|0.00|0.00|0.00|0.00|0.00|0|00|00|0.00|0.00|0.00|0.00|0.00|0.00|0.00|0.00|0.00|0.00||0|LDROTAN@GMAIL.COM|0|00|00|0.00|0.00|0|00|00|0|00|00|0|00|00|0.00|0.00|0.00||0|00|00|0|00|00|0.0662500|0|00|00|0|00|00|||||0.00|0|00|00||0|00|00|0.00||0.00|||||||||||||||||||||||||||||||||||||||||||||||||0.00||0.00|||0|00|00|||||||0|00|00|0.00|0.00|0.00||0.00|0.00|0.00|0.00|0.00|0.00|0.00|0.00||92910.12|||||||||||||
5031|20061255|S|348|0.00||42082506031|0.00|92400.00-|0.00|0.00|0.00|0.00|0.00|0.00|0.00|0.00|0.00|0.00|0.00|0.00|0.00|0.00|0.00|0.00||250603|25|6|3|125|6|3|0|0|0|0.00||||||||||||||||||||||||||||||||||||||||||||||||||||||||||||||||||||||||0.00|0.00|0|00|00
5031|20061255|S|349|0.00||43082506031|0.00|0.00|486.33|0.00|0.00|0.00|0.00|0.00|0.00|0.00|0.00|0.00|0.00|0.00|0.00|0.00|0.00|0.00||250603|25|6|3|125|6|3|0|0|0|0.00||||||||||||||||||||||||||||||||||||||||||||||||||||||||||||||||||||||||0.00|0.00|0|00|00
5031|20061255|S|350|0.00||70082506041|1322.44|0.00|0.00|1322.44|0.00|0.00|0.00|0.00|0.00|0.00|0.00|0.00|0.00|0.00|0.00|0.00|0.00|0.00||250604|25|6|4|125|6|4|0|0|0|0.00||||||||||||||||||||||||||||||||||||||||||||||||||||||||||||||||||||||||0.00|0.00|0|00|00
503|1||V|1|0.00|0.00|0.00|0.00|0.00|0.00|0.00|0.00|0.00|0.00|0.00|0.00|1322.44|0.00|0.00|0.00|0.00|0.00|0.00|0.00|1322.44|1322.44|0.00|0.00|0.00|0.00|0.00|0.00|0.00|0.00|0.00|0.00|0.00|0.00|0.00|0.00|0.00|0.00|0.00|0.00|0.00|0.00|0.00|0.00|0.00|0.00|0.00|0.00|0.00|0.00|0.00|0.00|0.00
503|1||F|1|0.00|0.00|0.00|0.00|0.00|0.00|0.00|0.00|0.00|0.00|0.00|0.00|0.00|0.00|0.00|0.00|0.00|0.00|0.00|0.00|0.00|0.00|0.00|0.00|0.00|0.00|0.00|0.00|0.00|0.00|0.00|0.00|0.00|0.00|0.00|0.00|0.00
5031|20061458|P|1|THIS IS A SAMPLE||||1234 MY PLACE W|TROY|FL|12345||1144|3865||MY PLACE W|TROY                 FL12345 1144|12345 1144|2483762573|2483762573|381374000|0|125|7|1|0|0|0|125|4|1||||0|0|0|0|0|0|0|140|6|4653.56|4069.01|584.55|82.33|344.77|157.45|0.00|0.00|0.00|0.00|0.00|0.00|0.00|0.00|0.00|203.45|490000.00|4721.74|0.00|0.00|0.00|0.00|0.00|0.00|0.00|0.00|0.00|231.57|0.00|0.00|0.00|0.00|0.00|0.00|0.00|4721.74|0.00|0.00|0.00|0.00|0.00|4721.74|4653.56|0.00|0.00||1|3|SR1|001||1|15|12|5.75000|7|01|T|1|21|180|||||||||||||||||||||||N|||0.00|0.00|0.00|0.00|0.00|N|0.00|0||125|6|3|125|7|1||||||||0.00|0.00|0.0000000||0|0|0|0|0|0|0|0|1||0|0|0|0|0|0||0.00|||||||||0.00|||0|0||||||||||0|0||490000|0.00|0|0|0.00|0|0|0.00|0|0|0|0|0.00||||||||||||||||0|0000||0.00|||||||||||||0.00|0.00|||||||||||||||||||||||0|00|00|0|00|00|0.00000|1721.09|0.00|2347.92|0.00|0.00|0.00|0.00|0.00|N||0|0|0|N|0|0|0||125|7|1|125|7|16|0|0|0.00|0.00|0.00|0.00|0.00|0|0|0|0.00|0.00|0|0|0|0|0|0|0.00|0|0|0|0.00||||0|0|0||||||0|0|0|0|0|0|||0|0|0|0|0|0|0|0|0|0|0|0|0.00|||||0||0|00|00|0.00|0.00|0.00||0|00|00|0.00|0.00|0.00|0.00|0.00|0.00|0.00|0.00|0.00|0.00|0|00|00|0.00|0.00|0.00|0.00|0.00|0.00|0.00|0.00|0.00|0.00||0|DR_OANA_ANTON@YAHOO.COM|0|00|00|0.00|0.00|0|00|00|0|00|00|0|00|00|0.00|0.00|0.00||0|00|00|0|00|00|0.0575000|0|00|00|0|00|00|||||0.00|0|00|00||0|00|00|0.00||0.00|||||||||||||||||||||||||||||||||||||||||||||||||0.00||0.00|||0|00|00|||||||0|00|00|0.00|0.00|0.00||0.00|0.00|0.00|0.00|0.00|0.00|0.00|0.00||492347.92|||||||||||||
5031|20061458|S|348|0.00||42072506021|0.00|490000.00-|0.00|0.00|0.00|0.00|0.00|0.00|0.00|0.00|0.00|0.00|0.00|0.00|0.00|0.00|0.00|0.00||250602|25|6|2|125|6|2|0|0|0|0.00||||||||||||||||||||||||||||||||||||||||||||||||||||||||||||||||||||||||0.00|0.00|0|00|00
5031|20061458|S|349|0.00||43072506021|0.00|0.00|231.57|0.00|0.00|0.00|0.00|0.00|0.00|0.00|0.00|0.00|0.00|0.00|0.00|0.00|0.00|0.00||250602|25|6|2|125|6|2|0|0|0|0.00||||||||||||||||||||||||||||||||||||||||||||||||||||||||||||||||||||||||0.00|0.00|0|00|00
5031|20061458|S|350|0.00||70072506031|4721.74|0.00|0.00|4721.74|0.00|0.00|0.00|0.00|0.00|0.00|0.00|0.00|0.00|0.00|0.00|0.00|0.00|0.00||250603|25|6|3|125|6|3|0|0|0|0.00||||||||||||||||||||||||||||||||||||||||||||||||||||||||||||||||||||||||0.00|0.00|0|00|00
503|1||V|1|0.00|0.00|0.00|0.00|0.00|0.00|0.00|0.00|0.00|0.00|0.00|0.00|4721.74|0.00|0.00|0.00|0.00|0.00|0.00|0.00|4721.74|4721.74|0.00|0.00|0.00|0.00|0.00|0.00|0.00|0.00|0.00|0.00|0.00|0.00|0.00|0.00|0.00|0.00|0.00|0.00|0.00|0.00|0.00|0.00|0.00|0.00|0.00|0.00|0.00|0.00|0.00|0.00|0.00
503|1||F|1|0.00|0.00|0.00|0.00|0.00|0.00|0.00|0.00|0.00|0.00|0.00|0.00|0.00|0.00|0.00|0.00|0.00|0.00|0.00|0.00|0.00|0.00|0.00|0.00|0.00|0.00|0.00|0.00|0.00|0.00|0.00|0.00|0.00|0.00|0.00|0.00|0.00
5031|20061530|P|1|THIS IS A SAMPLE||||1234 MY PLACE NS APP|CUMMING|FL|12345||3786|4150||MY PLACE NS APP|CUMMING              FL12345 3786|12345 3786|4046435052|4046435052|439613875|0|125|7|1|0|0|0|125|4|1||||0|0|0|0|0|0|0|155|6|3984.56|3124.10|860.46|419.39|0.00|216.67|224.40|0.00|0.00|0.00|0.00|0.00|0.00|0.00|0.00|124.96|500762.00|3760.50|0.00|0.00|0.00|0.00|0.00|0.00|0.00|0.00|0.00|349.84|0.00|0.00|0.00|0.00|0.00|0.00|0.00|3760.50|0.00|0.00|0.00|0.00|0.00|3760.50|3984.56|0.00|0.00||1|1|SR1|001||1|15|12|6.37500|7|02|T|1|10|360|||||||||||||||||||||||N|||0.00|0.00|0.00|0.00|0.00|N|0.00|0||125|6|4|125|7|1||||||||0.00|0.00|0.0000000||0|0|0|0|0|0|0|0|1||0|0|0|0|0|0||0.00|||||||||0.00|||0|0||||||||||0|0||500762|0.00|0|0|0.00|0|0|0.00|0|0|0|0|0.00||||||||||||||||0|0000||0.00|||||||||||||0.00|0.00|||||||||||||||||||||||0|00|00|0|00|00|0.00000|463.80|0.00|2660.30|0.00|0.00|0.00|0.00|0.00|N||0|0|0|N|0|0|0||125|7|1|125|7|16|0|0|0.00|0.00|0.00|0.00|0.00|0|0|0|0.00|0.00|0|0|0|0|0|0|0.00|0|0|0|0.00||||0|0|0||||||0|0|0|0|0|0|||0|0|0|0|0|0|0|0|0|0|0|0|0.00|||||0||0|00|00|0.00|0.00|0.00||0|00|00|0.00|0.00|0.00|0.00|0.00|0.00|0.00|0.00|0.00|0.00|0|00|00|0.00|0.00|0.00|0.00|0.00|0.00|0.00|0.00|0.00|0.00||0|BCOPENHAVER5424@GMAIL.COM|0|00|00|0.00|0.00|0|00|00|0|00|00|0|00|00|0.00|0.00|0.00||0|00|00|0|00|00|0.0637500|0|00|00|0|00|00|||||0.00|0|00|00||0|00|00|0.00||0.00|||||||||||||||||||||||||||||||||||||||||||||||||0.00||0.00|||0|00|00|||||||0|00|00|0.00|0.00|0.00||0.00|0.00|0.00|0.00|0.00|0.00|0.00|0.00||503422.30|||||||||||||
5031|20061530|S|348|0.00||42072506031|0.00|500762.00-|0.00|0.00|0.00|0.00|0.00|0.00|0.00|0.00|0.00|0.00|0.00|0.00|0.00|0.00|0.00|0.00||250603|25|6|3|125|6|3|0|0|0|0.00||||||||||||||||||||||||||||||||||||||||||||||||||||||||||||||||||||||||0.00|0.00|0|00|00
5031|20061530|S|349|0.00||43072506031|0.00|0.00|349.84|0.00|0.00|0.00|0.00|0.00|0.00|0.00|0.00|0.00|0.00|0.00|0.00|0.00|0.00|0.00||250603|25|6|3|125|6|3|0|0|0|0.00||||||||||||||||||||||||||||||||||||||||||||||||||||||||||||||||||||||||0.00|0.00|0|00|00
5031|20061530|S|350|0.00||70072506041|3760.50|0.00|0.00|3760.50|0.00|0.00|0.00|0.00|0.00|0.00|0.00|0.00|0.00|0.00|0.00|0.00|0.00|0.00||250604|25|6|4|125|6|4|0|0|0|0.00||||||||||||||||||||||||||||||||||||||||||||||||||||||||||||||||||||||||0.00|0.00|0|00|00
503|1||V|1|0.00|0.00|0.00|0.00|0.00|0.00|0.00|0.00|0.00|0.00|0.00|0.00|3760.50|0.00|0.00|0.00|0.00|0.00|0.00|0.00|3760.50|3760.50|0.00|0.00|0.00|0.00|0.00|0.00|0.00|0.00|0.00|0.00|0.00|0.00|0.00|0.00|0.00|0.00|0.00|0.00|0.00|0.00|0.00|0.00|0.00|0.00|0.00|0.00|0.00|0.00|0.00|0.00|0.00
503|1||F|1|0.00|0.00|0.00|0.00|0.00|0.00|0.00|0.00|0.00|0.00|0.00|0.00|0.00|0.00|0.00|0.00|0.00|0.00|0.00|0.00|0.00|0.00|0.00|0.00|0.00|0.00|0.00|0.00|0.00|0.00|0.00|0.00|0.00|0.00|0.00|0.00|0.00
5031|20061618|P|1|THIS IS A SAMPLE||||1234 MY PLACE COURT NSW|PRINEVILLE|FL|12345||9050|2221|MY|PLACE ANY LOOP|PRINEVILLE           FL12345 9050|12345 9050|5414603585|0|620194406|542516271|125|7|1|0|0|0|125|4|1||||0|0|0|0|0|0|0|155|6|2880.88|2449.58|431.30|190.62|0.00|62.42|178.26|0.00|0.00|0.00|0.00|0.00|0.00|0.00|0.00|97.98|397842.00|1781.32|0.00|0.00|0.00|0.00|0.00|0.00|0.00|0.00|0.00|136.24|0.00|0.00|0.00|0.00|0.00|0.00|0.00|1781.32|0.00|0.00|0.00|0.00|0.00|1781.32|2880.88|0.00|0.00||1|1|SR1|001||1|15|12|6.25000|7|MF|T|1|36|360|||||||||||||||||||||||N|||0.00|0.00|0.00|0.00|0.00|N|0.00|0||125|6|3|125|7|1||||||||0.00|0.00|0.0000000||0|0|0|0|0|0|0|0|1||0|0|0|0|0|0||0.00|||||||||0.00|||0|0||||||||||0|0||397842|0.00|0|0|0.00|0|0|0.00|0|0|0|0|0.00||||||||||||||||0|0000||0.00|||||||||||||0.00|0.00|||||||||||||||||||||||0|00|00|0|00|00|0.00000|377.49|0.00|2072.09|0.00|0.00|0.00|0.00|0.00|N||0|0|0|N|0|0|0||125|7|1|125|7|16|0|0|0.00|0.00|0.00|0.00|0.00|0|0|0|0.00|0.00|0|0|0|0|0|0|0.00|0|0|0|0.00||||0|0|0||||||0|0|0|0|0|0|||0|0|0|0|0|0|0|0|0|0|0|0|0.00|||||0||0|00|00|0.00|0.00|0.00||0|00|00|0.00|0.00|0.00|0.00|0.00|0.00|0.00|0.00|0.00|0.00|0|00|00|0.00|0.00|0.00|0.00|0.00|0.00|0.00|0.00|0.00|0.00||0|ISABELLLBRAVO3@GMAIL.COM|0|00|00|0.00|0.00|0|00|00|0|00|00|0|00|00|0.00|0.00|0.00||0|00|00|0|00|00|0.0625000|0|00|00|0|00|00||||APPERSONWJ@GMAIL.COM|0.00|0|00|00||0|00|00|0.00||0.00|||||||||||||||||||||||||||||||||||||||||||||||||0.00||0.00|||0|00|00|||||||0|00|00|0.00|0.00|0.00||0.00|0.00|0.00|0.00|0.00|0.00|0.00|0.00||399914.09|||||||||||||
5031|20061618|S|348|0.00||42072506021|0.00|397842.00-|0.00|0.00|0.00|0.00|0.00|0.00|0.00|0.00|0.00|0.00|0.00|0.00|0.00|0.00|0.00|0.00||250602|25|6|2|125|6|2|0|0|0|0.00||||||||||||||||||||||||||||||||||||||||||||||||||||||||||||||||||||||||0.00|0.00|0|00|00
5031|20061618|S|349|0.00||43072506021|0.00|0.00|136.24|0.00|0.00|0.00|0.00|0.00|0.00|0.00|0.00|0.00|0.00|0.00|0.00|0.00|0.00|0.00||250602|25|6|2|125|6|2|0|0|0|0.00||||||||||||||||||||||||||||||||||||||||||||||||||||||||||||||||||||||||0.00|0.00|0|00|00
5031|20061618|S|350|0.00||70072506031|1781.32|0.00|0.00|1781.32|0.00|0.00|0.00|0.00|0.00|0.00|0.00|0.00|0.00|0.00|0.00|0.00|0.00|0.00||250603|25|6|3|125|6|3|0|0|0|0.00||||||||||||||||||||||||||||||||||||||||||||||||||||||||||||||||||||||||0.00|0.00|0|00|00
503|1||V|1|0.00|0.00|0.00|0.00|0.00|0.00|0.00|0.00|0.00|0.00|0.00|0.00|1781.32|0.00|0.00|0.00|0.00|0.00|0.00|0.00|1781.32|1781.32|0.00|0.00|0.00|0.00|0.00|0.00|0.00|0.00|0.00|0.00|0.00|0.00|0.00|0.00|0.00|0.00|0.00|0.00|0.00|0.00|0.00|0.00|0.00|0.00|0.00|0.00|0.00|0.00|0.00|0.00|0.00
503|1||F|1|0.00|0.00|0.00|0.00|0.00|0.00|0.00|0.00|0.00|0.00|0.00|0.00|0.00|0.00|0.00|0.00|0.00|0.00|0.00|0.00|0.00|0.00|0.00|0.00|0.00|0.00|0.00|0.00|0.00|0.00|0.00|0.00|0.00|0.00|0.00|0.00|0.00
5031|6500001175|P|1|THIS IS A SAMPLE||||1234 MY PLACE COURT SW|SEMINOLE|FL|12345|||8927||MY PLACE S DR|SEMINOLE             FL12345|12345|8133954058|8133954058|173663203|0|125|7|1|0|0|0|125|4|1||||0|0|0|0|0|0|0|155|6|2701.04|2077.54|623.50|136.89|0.00|349.17|137.44|0.00|0.00|0.00|0.00|0.00|0.00|0.00|0.00|83.10|337418.00|972.12|0.00|0.00|0.00|0.00|0.00|0.00|0.00|0.00|0.00|693.36|0.00|0.00|0.00|0.00|0.00|0.00|0.00|972.12|0.00|0.00|0.00|0.00|0.00|972.12|2701.04|0.00|0.00||1|1|SR1|001||1|15|12|6.25000|7|MF|T|1|9|360|||||||||||||||||||||||N|||0.00|0.00|0.00|0.00|0.00|N|0.00|0||125|6|5|125|7|1||||||||0.00|0.00|0.0000000||0|0|0|0|0|0|0|0|1||0|0|0|0|0|0||0.00|||||||||0.00|||0|0||||||||||0|0||337418|0.00|0|0|0.00|0|0|0.00|0|0|0|0|0.00||||||||||||||||0|0000||0.00|||||||||||||0.00|0.00|||||||||||||||||||||||0|00|00|0|00|00|0.00000|320.15|0.00|1757.39|0.00|0.00|0.00|0.00|0.00|N||0|0|0|N|0|0|0||125|7|1|125|7|16|0|0|0.00|0.00|0.00|0.00|0.00|0|0|0|0.00|0.00|0|0|0|0|0|0|0.00|0|0|0|0.00||||0|0|0||||||0|0|0|0|0|0|||0|0|0|0|0|0|0|0|0|0|0|0|0.00|||||0||0|00|00|0.00|0.00|0.00||0|00|00|0.00|0.00|0.00|0.00|0.00|0.00|0.00|0.00|0.00|0.00|0|00|00|0.00|0.00|0.00|0.00|0.00|0.00|0.00|0.00|0.00|0.00||0|NMITCHELL@COVANTA.COM|0|00|00|0.00|0.00|0|00|00|0|00|00|0|00|00|0.00|0.00|0.00||0|00|00|0|00|00|0.0625000|0|00|00|0|00|00|||||0.00|0|00|00||0|00|00|0.00||0.00|||||||||||||||||||||||||||||||||||||||||||||||||0.00||0.00|||0|00|00|||||||0|00|00|0.00|0.00|0.00||0.00|0.00|0.00|0.00|0.00|0.00|0.00|0.00||339175.39|||||||||||||
5031|6500001175|S|348|0.00||42072506041|0.00|337418.00-|0.00|0.00|0.00|0.00|0.00|0.00|0.00|0.00|0.00|0.00|0.00|0.00|0.00|0.00|0.00|0.00||250604|25|6|4|125|6|4|0|0|0|0.00||||||||||||||||||||||||||||||||||||||||||||||||||||||||||||||||||||||||0.00|0.00|0|00|00
5031|6500001175|S|349|0.00||43072506051|0.00|0.00|693.36|0.00|0.00|0.00|0.00|0.00|0.00|0.00|0.00|0.00|0.00|0.00|0.00|0.00|0.00|0.00||250605|25|6|5|125|6|5|0|0|0|0.00||||||||||||||||||||||||||||||||||||||||||||||||||||||||||||||||||||||||0.00|0.00|0|00|00
5031|6500001175|S|350|0.00||70072506051|972.12|0.00|0.00|972.12|0.00|0.00|0.00|0.00|0.00|0.00|0.00|0.00|0.00|0.00|0.00|0.00|0.00|0.00||250605|25|6|5|125|6|5|0|0|0|0.00||||||||||||||||||||||||||||||||||||||||||||||||||||||||||||||||||||||||0.00|0.00|0|00|00
503|1||V|1|0.00|0.00|0.00|0.00|0.00|0.00|0.00|0.00|0.00|0.00|0.00|0.00|972.12|0.00|0.00|0.00|0.00|0.00|0.00|0.00|972.12|972.12|0.00|0.00|0.00|0.00|0.00|0.00|0.00|0.00|0.00|0.00|0.00|0.00|0.00|0.00|0.00|0.00|0.00|0.00|0.00|0.00|0.00|0.00|0.00|0.00|0.00|0.00|0.00|0.00|0.00|0.00|0.00
503|1||F|1|0.00|0.00|0.00|0.00|0.00|0.00|0.00|0.00|0.00|0.00|0.00|0.00|0.00|0.00|0.00|0.00|0.00|0.00|0.00|0.00|0.00|0.00|0.00|0.00|0.00|0.00|0.00|0.00|0.00|0.00|0.00|0.00|0.00|0.00|0.00|0.00|0.00
