

File "/users/public/80299p.asc" (118000 bytes)
  E:  Seq# 25
  E:  Seq# 27