000001|0000000001          |0002|000| |Y| | | | | | | | | | |N|492         |492         |            |                         |                                        |                                                  |80362p.cntr.grp               |00001|00002|1
000001|0000000001          |0002|000| |Y| | | | | | | | | | |N|492         |492         |            |                         |                                        |                                                  |80362p.cntr.grp               |00001|00002|0
000002|0000000003          |0002|000| |Y| | | | | | | | | | |N|178         |178         |            |                         |                                        |                                                  |80362p.cntr.grp               |00001|00002|1
000002|0000000003          |0002|000| |Y| | | | | | | | | | |N|178         |178         |            |                         |                                        |                                                  |80362p.cntr.grp               |00001|00002|0
000003|0000000004          |0002|000| |Y| | | | | | | | | | |N|807         |807         |            |                         |                                        |                                                  |80362p.cntr.grp               |00001|00002|1
000003|0000000004          |0002|000| |Y| | | | | | | | | | |N|807         |807         |            |                         |                                        |                                                  |80362p.cntr.grp               |00001|00002|0
000004|0000000005          |0002|000| |Y| | | | | | | | | | |N|807         |807         |            |                         |                                        |                                                  |80362p.cntr.grp               |00001|00002|1
000004|0000000005          |0002|000| |Y| | | | | | | | | | |N|807         |807         |            |                         |                                        |                                                  |80362p.cntr.grp               |00001|00002|0
000005|0000000006          |0002|000| |Y| | | | | | | | | | |N|834         |834         |            |                         |                                        |                                                  |80362p.cntr.grp               |00001|00002|1
000005|0000000006          |0002|000| |Y| | | | | | | | | | |N|834         |834         |            |                         |                                        |                                                  |80362p.cntr.grp               |00001|00002|0
000006|0000000007          |0002|000| |Y| | | | | | | | | | |N|807         |807         |            |                         |                                        |                                                  |80362p.cntr.grp               |00001|00002|1
000006|0000000007          |0002|000| |Y| | | | | | | | | | |N|807         |807         |            |                         |                                        |                                                  |80362p.cntr.grp               |00001|00002|0
000007|0000000008          |0002|000| |Y| | | | | | | | | | |N|834         |834         |            |                         |                                        |                                                  |80362p.cntr.grp               |00001|00002|1
000007|0000000008          |0002|000| |Y| | | | | | | | | | |N|834         |834         |            |                         |                                        |                                                  |80362p.cntr.grp               |00001|00002|0
000008|0000000009          |0002|000| |Y| | | | | | | | | | |N|807         |807         |            |                         |                                        |                                                  |80362p.cntr.grp               |00001|00002|1
000008|0000000009          |0002|000| |Y| | | | | | | | | | |N|807         |807         |            |                         |                                        |                                                  |80362p.cntr.grp               |00001|00002|0
000009|0000000010          |0002|000| |Y| | | | | | | | | | |N|492         |492         |            |                         |                                        |                                                  |80362p.cntr.grp               |00001|00002|1
000009|0000000010          |0002|000| |Y| | | | | | | | | | |N|492         |492         |            |                         |                                        |                                                  |80362p.cntr.grp               |00001|00002|0
000010|0000000011          |0002|000| |Y| | | | | | | | | | |N|129         |129         |            |                         |                                        |                                                  |80362p.cntr.grp               |00001|00002|1
000010|0000000011          |0002|000| |Y| | | | | | | | | | |N|129         |129         |            |                         |                                        |                                                  |80362p.cntr.grp               |00001|00002|0
000011|0000000012          |0002|000| |Y| | | | | | | | | | |N|834         |834         |            |                         |                                        |                                                  |80362p.cntr.grp               |00001|00002|1
000011|0000000012          |0002|000| |Y| | | | | | | | | | |N|834         |834         |            |                         |                                        |                                                  |80362p.cntr.grp               |00001|00002|0
000012|0000000013          |0002|000| |Y| | | | | | | | | | |N|178         |178         |            |                         |                                        |                                                  |80362p.cntr.grp               |00001|00002|1
000012|0000000013          |0002|000| |Y| | | | | | | | | | |N|178         |178         |            |                         |                                        |                                                  |80362p.cntr.grp               |00001|00002|0
000013|0000000014          |0002|000| |Y| | | | | | | | | | |N|816         |816         |            |                         |                                        |                                                  |80362p.cntr.grp               |00001|00002|1
000013|0000000014          |0002|000| |Y| | | | | | | | | | |N|816         |816         |            |                         |                                        |                                                  |80362p.cntr.grp               |00001|00002|0
000014|0000000015          |0002|000| |Y| | | | | | | | | | |N|178         |178         |            |                         |                                        |                                                  |80362p.cntr.grp               |00001|00002|1
000014|0000000015          |0002|000| |Y| | | | | | | | | | |N|178         |178         |            |                         |                                        |                                                  |80362p.cntr.grp               |00001|00002|0
000015|0000000016          |0002|000| |Y| | | | | | | | | | |N|816         |816         |            |                         |                                        |                                                  |80362p.cntr.grp               |00001|00002|1
000015|0000000016          |0002|000| |Y| | | | | | | | | | |N|816         |816         |            |                         |                                        |                                                  |80362p.cntr.grp               |00001|00002|0
000016|0000000017          |0002|000| |Y| | | | | | | | | | |N|492         |492         |            |                         |                                        |                                                  |80362p.cntr.grp               |00001|00002|1
000016|0000000017          |0002|000| |Y| | | | | | | | | | |N|492         |492         |            |                         |                                        |                                                  |80362p.cntr.grp               |00001|00002|0
000017|0000000018          |0002|000| |Y| | | | | | | | | | |N|818         |818         |            |                         |                                        |                                                  |80362p.cntr.grp               |00001|00002|1
000017|0000000018          |0002|000| |Y| | | | | | | | | | |N|818         |818         |            |                         |                                        |                                                  |80362p.cntr.grp               |00001|00002|0
000018|0000000019          |0002|000| |Y| | | | | | | | | | |N|834         |834         |            |                         |                                        |                                                  |80362p.cntr.grp               |00001|00002|1
000018|0000000019          |0002|000| |Y| | | | | | | | | | |N|834         |834         |            |                         |                                        |                                                  |80362p.cntr.grp               |00001|00002|0
000019|0000000020          |0002|000| |Y| | | | | | | | | | |N|104         |104         |            |                         |                                        |                                                  |80362p.cntr.grp               |00001|00002|1
000019|0000000020          |0002|000| |Y| | | | | | | | | | |N|104         |104         |            |                         |                                        |                                                  |80362p.cntr.grp               |00001|00002|0
000020|0000000021          |0002|000| |Y| | | | | | | | | | |N|121         |121         |            |                         |                                        |                                                  |80362p.cntr.grp               |00001|00002|1
000020|0000000021          |0002|000| |Y| | | | | | | | | | |N|121         |121         |            |                         |                                        |                                                  |80362p.cntr.grp               |00001|00002|0
000021|0000000022          |0002|000| |Y| | | | | | | | | | |N|443         |443         |            |                         |                                        |                                                  |80362p.cntr.grp               |00001|00002|1
000021|0000000022          |0002|000| |Y| | | | | | | | | | |N|443         |443         |            |                         |                                        |                                                  |80362p.cntr.grp               |00001|00002|0
000022|0000000023          |0002|000| |Y| | | | | | | | | | |N|815         |815         |            |                         |                                        |                                                  |80362p.cntr.grp               |00001|00002|1
000022|0000000023          |0002|000| |Y| | | | | | | | | | |N|815         |815         |            |                         |                                        |                                                  |80362p.cntr.grp               |00001|00002|0
000023|0000000024          |0002|000| |Y| | | | | | | | | | |N|396         |396         |            |                         |                                        |                                                  |80362p.cntr.grp               |00001|00002|1
000023|0000000024          |0002|000| |Y| | | | | | | | | | |N|396         |396         |            |                         |                                        |                                                  |80362p.cntr.grp               |00001|00002|0
000024|0000000025          |0002|000| |Y| | | | | | | | | | |N|492         |492         |            |                         |                                        |                                                  |80362p.cntr.grp               |00001|00002|1
000024|0000000025          |0002|000| |Y| | | | | | | | | | |N|492         |492         |            |                         |                                        |                                                  |80362p.cntr.grp               |00001|00002|0
000025|0000000026          |0002|000| |Y| | | | | | | | | | |N|F01         |F01         |            |                         |                                        |                                                  |80362p.cntr.grp               |00001|00002|1
000025|0000000026          |0002|000| |Y| | | | | | | | | | |N|F01         |F01         |            |                         |                                        |                                                  |80362p.cntr.grp               |00001|00002|0
000026|0000000027          |0002|000| |Y| | | | | | | | | | |N|443         |443         |            |                         |                                        |                                                  |80362p.cntr.grp               |00001|00002|1
000026|0000000027          |0002|000| |Y| | | | | | | | | | |N|443         |443         |            |                         |                                        |                                                  |80362p.cntr.grp               |00001|00002|0
000027|0000000028          |0002|000| |Y| | | | | | | | | | |N|SR1         |SR1         |            |                         |                                        |                                                  |80362p.cntr.grp               |00001|00002|1
000027|0000000028          |0002|000| |Y| | | | | | | | | | |N|SR1         |SR1         |            |                         |                                        |                                                  |80362p.cntr.grp               |00001|00002|0
000028|0000000029          |0002|000| |Y| | | | | | | | | | |N|104         |104         |            |                         |                                        |                                                  |80362p.cntr.grp               |00001|00002|1
000028|0000000029          |0002|000| |Y| | | | | | | | | | |N|104         |104         |            |                         |                                        |                                                  |80362p.cntr.grp               |00001|00002|0
000029|0000000030          |0002|000| |Y| | | | | | | | | | |N|418         |418         |            |                         |                                        |                                                  |80362p.cntr.grp               |00001|00002|1
000029|0000000030          |0002|000| |Y| | | | | | | | | | |N|418         |418         |            |                         |                                        |                                                  |80362p.cntr.grp               |00001|00002|0
000030|0000000031          |0002|000| |Y| | | | | | | | | | |N|104         |104         |            |                         |                                        |                                                  |80362p.cntr.grp               |00001|00002|1
000030|0000000031          |0002|000| |Y| | | | | | | | | | |N|104         |104         |            |                         |                                        |                                                  |80362p.cntr.grp               |00001|00002|0
000031|0000000032          |0002|000| |Y| | | | | | | | | | |N|815         |815         |            |                         |                                        |                                                  |80362p.cntr.grp               |00001|00002|1
000031|0000000032          |0002|000| |Y| | | | | | | | | | |N|815         |815         |            |                         |                                        |                                                  |80362p.cntr.grp               |00001|00002|0
000032|0000000033          |0002|000| |Y| | | | | | | | | | |N|104         |104         |            |                         |                                        |                                                  |80362p.cntr.grp               |00001|00002|1
000032|0000000033          |0002|000| |Y| | | | | | | | | | |N|104         |104         |            |                         |                                        |                                                  |80362p.cntr.grp               |00001|00002|0
000033|0000000034          |0002|000| |Y| | | | | | | | | | |N|585         |585         |            |                         |                                        |                                                  |80362p.cntr.grp               |00001|00002|1
000033|0000000034          |0002|000| |Y| | | | | | | | | | |N|585         |585         |            |                         |                                        |                                                  |80362p.cntr.grp               |00001|00002|0
000034|0000000035          |0002|000| |Y| | | | | | | | | | |N|104         |104         |            |                         |                                        |                                                  |80362p.cntr.grp               |00001|00002|1
000034|0000000035          |0002|000| |Y| | | | | | | | | | |N|104         |104         |            |                         |                                        |                                                  |80362p.cntr.grp               |00001|00002|0
000035|0000000036          |0002|000| |Y| | | | | | | | | | |N|104         |104         |            |                         |                                        |                                                  |80362p.cntr.grp               |00001|00002|1
000035|0000000036          |0002|000| |Y| | | | | | | | | | |N|104         |104         |            |                         |                                        |                                                  |80362p.cntr.grp               |00001|00002|0
000036|0000000037          |0002|000| |Y| | | | | | | | | | |N|104         |104         |            |                         |                                        |                                                  |80362p.cntr.grp               |00001|00002|1
000036|0000000037          |0002|000| |Y| | | | | | | | | | |N|104         |104         |            |                         |                                        |                                                  |80362p.cntr.grp               |00001|00002|0
000037|0000000038          |0002|000| |Y| | | | | | | | | | |N|418         |418         |            |                         |                                        |                                                  |80362p.cntr.grp               |00001|00002|1
000037|0000000038          |0002|000| |Y| | | | | | | | | | |N|418         |418         |            |                         |                                        |                                                  |80362p.cntr.grp               |00001|00002|0
000038|0000000039          |0002|000| |Y| | | | | | | | | | |N|104         |104         |            |                         |                                        |                                                  |80362p.cntr.grp               |00001|00002|1
000038|0000000039          |0002|000| |Y| | | | | | | | | | |N|104         |104         |            |                         |                                        |                                                  |80362p.cntr.grp               |00001|00002|0
000039|0000000040          |0002|000| |Y| | | | | | | | | | |N|585         |585         |            |                         |                                        |                                                  |80362p.cntr.grp               |00001|00002|1
000039|0000000040          |0002|000| |Y| | | | | | | | | | |N|585         |585         |            |                         |                                        |                                                  |80362p.cntr.grp               |00001|00002|0
000040|0000000041          |0002|000| |Y| | | | | | | | | | |N|W01         |W01         |            |                         |                                        |                                                  |80362p.cntr.grp               |00001|00002|1
000040|0000000041          |0002|000| |Y| | | | | | | | | | |N|W01         |W01         |            |                         |                                        |                                                  |80362p.cntr.grp               |00001|00002|0
000041|0000000042          |0002|000| |Y| | | | | | | | | | |N|585         |585         |            |                         |                                        |                                                  |80362p.cntr.grp               |00001|00002|1
000041|0000000042          |0002|000| |Y| | | | | | | | | | |N|585         |585         |            |                         |                                        |                                                  |80362p.cntr.grp               |00001|00002|0
